exports[`ResistorForm should render a 3-band resistor 1`] = `
<form>
  <label>
    Strips
  </label>
  <select
    name="bands"
    onChange={[Function]}
    value={3}>
    <option
      value={3}>
      3
      -strip
    </option>
    <option
      value={4}>
      4
      -strip
    </option>
    <option
      value={5}>
      5
      -strip
    </option>
    <option
      value={6}>
      6
      -strip
    </option>
  </select>
  <div>
    <label>
      1st Digit
    </label>
    <select
      name="digit1"
      onChange={[Function]}
      value={1}>
      <option
        label="brown"
        value={1}>
        brown
      </option>
      <option
        label="red"
        value={2}>
        red
      </option>
      <option
        label="orange"
        value={3}>
        orange
      </option>
      <option
        label="yellow"
        value={4}>
        yellow
      </option>
      <option
        label="green"
        value={5}>
        green
      </option>
      <option
        label="blue"
        value={6}>
        blue
      </option>
      <option
        label="violet"
        value={7}>
        violet
      </option>
      <option
        label="gray"
        value={8}>
        gray
      </option>
      <option
        label="white"
        value={9}>
        white
      </option>
    </select>
  </div>
  <div>
    <label>
      2nd Digit
    </label>
    <select
      name="digit2"
      onChange={[Function]}
      value={0}>
      <option
        label="black"
        value={0}>
        black
      </option>
      <option
        label="brown"
        value={1}>
        brown
      </option>
      <option
        label="red"
        value={2}>
        red
      </option>
      <option
        label="orange"
        value={3}>
        orange
      </option>
      <option
        label="yellow"
        value={4}>
        yellow
      </option>
      <option
        label="green"
        value={5}>
        green
      </option>
      <option
        label="blue"
        value={6}>
        blue
      </option>
      <option
        label="violet"
        value={7}>
        violet
      </option>
      <option
        label="gray"
        value={8}>
        gray
      </option>
      <option
        label="white"
        value={9}>
        white
      </option>
    </select>
  </div>
  <div>
    <label>
      Multiplier
    </label>
    <select
      name="multiplier"
      onChange={[Function]}
      value={0}>
      <option
        label="black"
        value={0}>
        black
      </option>
      <option
        label="brown"
        value={1}>
        brown
      </option>
      <option
        label="red"
        value={2}>
        red
      </option>
      <option
        label="orange"
        value={3}>
        orange
      </option>
      <option
        label="yellow"
        value={4}>
        yellow
      </option>
      <option
        label="green"
        value={5}>
        green
      </option>
      <option
        label="blue"
        value={6}>
        blue
      </option>
      <option
        label="violet"
        value={7}>
        violet
      </option>
      <option
        label="gray"
        value={8}>
        gray
      </option>
      <option
        label="white"
        value={9}>
        white
      </option>
      <option
        label="gold"
        value={-1}>
        gold
      </option>
      <option
        label="silver"
        value={-2}>
        silver
      </option>
    </select>
  </div>
</form>
`;

exports[`ResistorForm should render a 4-band resistor 1`] = `
<form>
  <label>
    Strips
  </label>
  <select
    name="bands"
    onChange={[Function]}
    value={4}>
    <option
      value={3}>
      3
      -strip
    </option>
    <option
      value={4}>
      4
      -strip
    </option>
    <option
      value={5}>
      5
      -strip
    </option>
    <option
      value={6}>
      6
      -strip
    </option>
  </select>
  <div>
    <label>
      1st Digit
    </label>
    <select
      name="digit1"
      onChange={[Function]}
      value={1}>
      <option
        label="brown"
        value={1}>
        brown
      </option>
      <option
        label="red"
        value={2}>
        red
      </option>
      <option
        label="orange"
        value={3}>
        orange
      </option>
      <option
        label="yellow"
        value={4}>
        yellow
      </option>
      <option
        label="green"
        value={5}>
        green
      </option>
      <option
        label="blue"
        value={6}>
        blue
      </option>
      <option
        label="violet"
        value={7}>
        violet
      </option>
      <option
        label="gray"
        value={8}>
        gray
      </option>
      <option
        label="white"
        value={9}>
        white
      </option>
    </select>
  </div>
  <div>
    <label>
      2nd Digit
    </label>
    <select
      name="digit2"
      onChange={[Function]}
      value={0}>
      <option
        label="black"
        value={0}>
        black
      </option>
      <option
        label="brown"
        value={1}>
        brown
      </option>
      <option
        label="red"
        value={2}>
        red
      </option>
      <option
        label="orange"
        value={3}>
        orange
      </option>
      <option
        label="yellow"
        value={4}>
        yellow
      </option>
      <option
        label="green"
        value={5}>
        green
      </option>
      <option
        label="blue"
        value={6}>
        blue
      </option>
      <option
        label="violet"
        value={7}>
        violet
      </option>
      <option
        label="gray"
        value={8}>
        gray
      </option>
      <option
        label="white"
        value={9}>
        white
      </option>
    </select>
  </div>
  <div>
    <label>
      Multiplier
    </label>
    <select
      name="multiplier"
      onChange={[Function]}
      value={0}>
      <option
        label="black"
        value={0}>
        black
      </option>
      <option
        label="brown"
        value={1}>
        brown
      </option>
      <option
        label="red"
        value={2}>
        red
      </option>
      <option
        label="orange"
        value={3}>
        orange
      </option>
      <option
        label="yellow"
        value={4}>
        yellow
      </option>
      <option
        label="green"
        value={5}>
        green
      </option>
      <option
        label="blue"
        value={6}>
        blue
      </option>
      <option
        label="violet"
        value={7}>
        violet
      </option>
      <option
        label="gray"
        value={8}>
        gray
      </option>
      <option
        label="white"
        value={9}>
        white
      </option>
      <option
        label="gold"
        value={-1}>
        gold
      </option>
      <option
        label="silver"
        value={-2}>
        silver
      </option>
    </select>
  </div>
  <div>
    <label>
      Tolerance
    </label>
    <select
      name="tolerance"
      onChange={[Function]}
      value={5}>
      <option
        label="brown"
        value={1}>
        brown
      </option>
      <option
        label="red"
        value={2}>
        red
      </option>
      <option
        label="green"
        value={0.5}>
        green
      </option>
      <option
        label="blue"
        value={0.25}>
        blue
      </option>
      <option
        label="violet"
        value={0.1}>
        violet
      </option>
      <option
        label="gold"
        value={5}>
        gold
      </option>
      <option
        label="silver"
        value={10}>
        silver
      </option>
    </select>
  </div>
</form>
`;

exports[`ResistorForm should render a 5-band resistor 1`] = `
<form>
  <label>
    Strips
  </label>
  <select
    name="bands"
    onChange={[Function]}
    value={5}>
    <option
      value={3}>
      3
      -strip
    </option>
    <option
      value={4}>
      4
      -strip
    </option>
    <option
      value={5}>
      5
      -strip
    </option>
    <option
      value={6}>
      6
      -strip
    </option>
  </select>
  <div>
    <label>
      1st Digit
    </label>
    <select
      name="digit1"
      onChange={[Function]}
      value={1}>
      <option
        label="brown"
        value={1}>
        brown
      </option>
      <option
        label="red"
        value={2}>
        red
      </option>
      <option
        label="orange"
        value={3}>
        orange
      </option>
      <option
        label="yellow"
        value={4}>
        yellow
      </option>
      <option
        label="green"
        value={5}>
        green
      </option>
      <option
        label="blue"
        value={6}>
        blue
      </option>
      <option
        label="violet"
        value={7}>
        violet
      </option>
      <option
        label="gray"
        value={8}>
        gray
      </option>
      <option
        label="white"
        value={9}>
        white
      </option>
    </select>
  </div>
  <div>
    <label>
      2nd Digit
    </label>
    <select
      name="digit2"
      onChange={[Function]}
      value={0}>
      <option
        label="black"
        value={0}>
        black
      </option>
      <option
        label="brown"
        value={1}>
        brown
      </option>
      <option
        label="red"
        value={2}>
        red
      </option>
      <option
        label="orange"
        value={3}>
        orange
      </option>
      <option
        label="yellow"
        value={4}>
        yellow
      </option>
      <option
        label="green"
        value={5}>
        green
      </option>
      <option
        label="blue"
        value={6}>
        blue
      </option>
      <option
        label="violet"
        value={7}>
        violet
      </option>
      <option
        label="gray"
        value={8}>
        gray
      </option>
      <option
        label="white"
        value={9}>
        white
      </option>
    </select>
  </div>
  <div>
    <label>
      3rd Digit
    </label>
    <select
      name="digit3"
      onChange={[Function]}
      value={0}>
      <option
        label="black"
        value={0}>
        black
      </option>
      <option
        label="brown"
        value={1}>
        brown
      </option>
      <option
        label="red"
        value={2}>
        red
      </option>
      <option
        label="orange"
        value={3}>
        orange
      </option>
      <option
        label="yellow"
        value={4}>
        yellow
      </option>
      <option
        label="green"
        value={5}>
        green
      </option>
      <option
        label="blue"
        value={6}>
        blue
      </option>
      <option
        label="violet"
        value={7}>
        violet
      </option>
      <option
        label="gray"
        value={8}>
        gray
      </option>
      <option
        label="white"
        value={9}>
        white
      </option>
    </select>
  </div>
  <div>
    <label>
      Multiplier
    </label>
    <select
      name="multiplier"
      onChange={[Function]}
      value={0}>
      <option
        label="black"
        value={0}>
        black
      </option>
      <option
        label="brown"
        value={1}>
        brown
      </option>
      <option
        label="red"
        value={2}>
        red
      </option>
      <option
        label="orange"
        value={3}>
        orange
      </option>
      <option
        label="yellow"
        value={4}>
        yellow
      </option>
      <option
        label="green"
        value={5}>
        green
      </option>
      <option
        label="blue"
        value={6}>
        blue
      </option>
      <option
        label="violet"
        value={7}>
        violet
      </option>
      <option
        label="gray"
        value={8}>
        gray
      </option>
      <option
        label="white"
        value={9}>
        white
      </option>
      <option
        label="gold"
        value={-1}>
        gold
      </option>
      <option
        label="silver"
        value={-2}>
        silver
      </option>
    </select>
  </div>
  <div>
    <label>
      Tolerance
    </label>
    <select
      name="tolerance"
      onChange={[Function]}
      value={10}>
      <option
        label="brown"
        value={1}>
        brown
      </option>
      <option
        label="red"
        value={2}>
        red
      </option>
      <option
        label="green"
        value={0.5}>
        green
      </option>
      <option
        label="blue"
        value={0.25}>
        blue
      </option>
      <option
        label="violet"
        value={0.1}>
        violet
      </option>
      <option
        label="gold"
        value={5}>
        gold
      </option>
      <option
        label="silver"
        value={10}>
        silver
      </option>
    </select>
  </div>
</form>
`;

exports[`ResistorForm should render a 6-band resistor 1`] = `
<form>
  <label>
    Strips
  </label>
  <select
    name="bands"
    onChange={[Function]}
    value={6}>
    <option
      value={3}>
      3
      -strip
    </option>
    <option
      value={4}>
      4
      -strip
    </option>
    <option
      value={5}>
      5
      -strip
    </option>
    <option
      value={6}>
      6
      -strip
    </option>
  </select>
  <div>
    <label>
      1st Digit
    </label>
    <select
      name="digit1"
      onChange={[Function]}
      value={1}>
      <option
        label="brown"
        value={1}>
        brown
      </option>
      <option
        label="red"
        value={2}>
        red
      </option>
      <option
        label="orange"
        value={3}>
        orange
      </option>
      <option
        label="yellow"
        value={4}>
        yellow
      </option>
      <option
        label="green"
        value={5}>
        green
      </option>
      <option
        label="blue"
        value={6}>
        blue
      </option>
      <option
        label="violet"
        value={7}>
        violet
      </option>
      <option
        label="gray"
        value={8}>
        gray
      </option>
      <option
        label="white"
        value={9}>
        white
      </option>
    </select>
  </div>
  <div>
    <label>
      2nd Digit
    </label>
    <select
      name="digit2"
      onChange={[Function]}
      value={0}>
      <option
        label="black"
        value={0}>
        black
      </option>
      <option
        label="brown"
        value={1}>
        brown
      </option>
      <option
        label="red"
        value={2}>
        red
      </option>
      <option
        label="orange"
        value={3}>
        orange
      </option>
      <option
        label="yellow"
        value={4}>
        yellow
      </option>
      <option
        label="green"
        value={5}>
        green
      </option>
      <option
        label="blue"
        value={6}>
        blue
      </option>
      <option
        label="violet"
        value={7}>
        violet
      </option>
      <option
        label="gray"
        value={8}>
        gray
      </option>
      <option
        label="white"
        value={9}>
        white
      </option>
    </select>
  </div>
  <div>
    <label>
      3rd Digit
    </label>
    <select
      name="digit3"
      onChange={[Function]}
      value={0}>
      <option
        label="black"
        value={0}>
        black
      </option>
      <option
        label="brown"
        value={1}>
        brown
      </option>
      <option
        label="red"
        value={2}>
        red
      </option>
      <option
        label="orange"
        value={3}>
        orange
      </option>
      <option
        label="yellow"
        value={4}>
        yellow
      </option>
      <option
        label="green"
        value={5}>
        green
      </option>
      <option
        label="blue"
        value={6}>
        blue
      </option>
      <option
        label="violet"
        value={7}>
        violet
      </option>
      <option
        label="gray"
        value={8}>
        gray
      </option>
      <option
        label="white"
        value={9}>
        white
      </option>
    </select>
  </div>
  <div>
    <label>
      Multiplier
    </label>
    <select
      name="multiplier"
      onChange={[Function]}
      value={0}>
      <option
        label="black"
        value={0}>
        black
      </option>
      <option
        label="brown"
        value={1}>
        brown
      </option>
      <option
        label="red"
        value={2}>
        red
      </option>
      <option
        label="orange"
        value={3}>
        orange
      </option>
      <option
        label="yellow"
        value={4}>
        yellow
      </option>
      <option
        label="green"
        value={5}>
        green
      </option>
      <option
        label="blue"
        value={6}>
        blue
      </option>
      <option
        label="violet"
        value={7}>
        violet
      </option>
      <option
        label="gray"
        value={8}>
        gray
      </option>
      <option
        label="white"
        value={9}>
        white
      </option>
      <option
        label="gold"
        value={-1}>
        gold
      </option>
      <option
        label="silver"
        value={-2}>
        silver
      </option>
    </select>
  </div>
  <div>
    <label>
      Tolerance
    </label>
    <select
      name="tolerance"
      onChange={[Function]}
      value={5}>
      <option
        label="brown"
        value={1}>
        brown
      </option>
      <option
        label="red"
        value={2}>
        red
      </option>
      <option
        label="green"
        value={0.5}>
        green
      </option>
      <option
        label="blue"
        value={0.25}>
        blue
      </option>
      <option
        label="violet"
        value={0.1}>
        violet
      </option>
      <option
        label="gold"
        value={5}>
        gold
      </option>
      <option
        label="silver"
        value={10}>
        silver
      </option>
    </select>
  </div>
  <div>
    <label>
      Temp. Coef.
    </label>
    <select
      name="tempCoef"
      onChange={[Function]}
      value={15}>
      <option
        label="black"
        value={250}>
        black
      </option>
      <option
        label="brown"
        value={100}>
        brown
      </option>
      <option
        label="red"
        value={50}>
        red
      </option>
      <option
        label="orange"
        value={15}>
        orange
      </option>
      <option
        label="yellow"
        value={25}>
        yellow
      </option>
      <option
        label="green"
        value={20}>
        green
      </option>
      <option
        label="blue"
        value={10}>
        blue
      </option>
      <option
        label="violet"
        value={5}>
        violet
      </option>
      <option
        label="gray"
        value={1}>
        gray
      </option>
    </select>
  </div>
</form>
`;
